
Note: No compatibility mode selected!


Circuit: * klt sim -- generated corner deck, do not edit

Doing analysis at TEMP = 27.000000 and TNOM = 27.000000

Using SPARSE 1.3 as Direct Linear Solver
Note: vstep: dc value used for op instead of transient time=0 value.

Initial Transient Solution
--------------------------

Node                                   Voltage
----                                   -------
vdd                                        3.3
vcm                                       1.65
vinp                                      1.15
ibias                              3.85004e-19
xdut.tail                               1.0512
xdut.n1                                2.96235
vout                                    1.5995
xdut.n2                                3.28173
xdut.nz                                 1.5995
xdut.xrz.11                             1.5995
xdut.xrz.21                             1.5995
vstep#branch                                 0
vcm#branch                                   0
vdd#branch                        -1.11192e-11


No. of Data Rows : 1027

  Measurements for Transient Analysis

vlo_v               =  1.59950e+00
vhi_v               =  1.59872e+00

ASCII raw file "/tmp/ssp-pas-de0g2bm4/ibias-zero-slew/out/typical_vcm1p650_vdd3p300V_27C/waveform.raw"
ngspice-46 done
