
Note: No compatibility mode selected!


Circuit: * klt sim -- generated corner deck, do not edit

Doing analysis at TEMP = 27.000000 and TNOM = 27.000000

Using SPARSE 1.3 as Direct Linear Solver
Note: vstep: dc value used for op instead of transient time=0 value.

Initial Transient Solution
--------------------------

Node                                   Voltage
----                                   -------
vdd                                        3.3
vcm                                       1.65
vinp                                       1.6
ibias                              3.06632e-16
xdut.tail                              1.07689
xdut.n1                                2.97027
vout                                   1.61779
xdut.n2                                 3.2357
xdut.nz                                1.61779
xdut.xrz.11                            1.61779
xdut.xrz.21                            1.61779
vstep#branch                                 0
vcm#branch                                   0
vdd#branch                        -1.11671e-11


No. of Data Rows : 1120

  Measurements for Transient Analysis

vlo_v               =  1.617789e+00
vhi_v               =  1.617805e+00
vmax_rise_v         =  1.617809e+00 at=  1.022000e-07
vmin_fall_v         =  1.617786e+00 at=  6.022000e-07

ASCII raw file "/tmp/step-w7m9tkx9/ibias-zero/out/typical_vcm1p650_vdd3p300V_27C/waveform.raw"
ngspice-42 done
