
Note: No compatibility mode selected!


Circuit: * klt sim -- generated corner deck, do not edit

Doing analysis at TEMP = 27.000000 and TNOM = 27.000000

Using SPARSE 1.3 as Direct Linear Solver

No. of Data Rows : 201
Doing analysis at TEMP = 27.000000 and TNOM = 27.000000

Using SPARSE 1.3 as Direct Linear Solver

No. of Data Rows : 1
v(vout) = 1.658160e+00
v(vinp) = 1.650000e+00
v(vinn) = 1.658160e+00
@m.xdut.xm1.m0[vds] = 1.663792e+00
@m.xdut.xm1.m0[vdsat] = 1.513251e-01
@m.xdut.xm2.m0[vds] = 1.654407e+00
@m.xdut.xm2.m0[vdsat] = 1.454625e-01
@m.xdut.xm3.m0[vds] = 9.897149e-01
@m.xdut.xm3.m0[vdsat] = 1.886314e-01
@m.xdut.xm4.m0[vds] = 9.991005e-01
@m.xdut.xm4.m0[vdsat] = 1.887173e-01
@m.xdut.xm5.m0[vds] = 6.464831e-01
@m.xdut.xm5.m0[vdsat] = 1.973665e-01
@m.xdut.xm6.m0[vds] = 1.641838e+00
@m.xdut.xm6.m0[vdsat] = 1.947054e-01
@m.xdut.xm7.m0[vds] = 1.658156e+00
@m.xdut.xm7.m0[vdsat] = 1.987184e-01
@m.xdut.xmb1.m0[vds] = 8.741525e-01
@m.xdut.xmb1.m0[vdsat] = 1.973665e-01
ASCII raw file "/tmp/cmrr-grid3/info-mirror-opposite-dm/out/typical_vcm1p650_vdd3p300V_27C/waveform.raw"
ngspice-46 done
