
Note: No compatibility mode selected!


Circuit: * klt sim -- generated corner deck, do not edit

Doing analysis at TEMP = 27.000000 and TNOM = 27.000000

Using SPARSE 1.3 as Direct Linear Solver
Note: vstep: dc value used for op instead of transient time=0 value.
Note: Starting dynamic gmin stepping
Note: Dynamic gmin stepping completed

Initial Transient Solution
--------------------------

Node                                   Voltage
----                                   -------
vdd                                        3.3
vcm                                       1.65
vinp                                      1.15
ibias                                 0.874157
xdut.tail                             0.264236
xdut.n1                                2.30599
vout                                   1.14999
xdut.n2                                2.30269
xdut.nz                                1.14999
xdut.xrz.11                            1.14999
xdut.xrz.21                            1.14999
vstep#branch                                 0
vcm#branch                                   0
vdd#branch                        -8.23138e-05


No. of Data Rows : 10020

  Measurements for Transient Analysis

vlo_v               =  1.149985e+00
vhi_v               =  2.149981e+00

ASCII raw file "/tmp/ssp-h8oqg68b/nominal-slew/out/typical_vcm1p650_vdd3p300V_27C/waveform.raw"
ngspice-42 done
