
Note: No compatibility mode selected!


Circuit: * klt sim -- generated corner deck, do not edit

Doing analysis at TEMP = 125.000000 and TNOM = 27.000000

Using SPARSE 1.3 as Direct Linear Solver
Note: vstep: dc value used for op instead of transient time=0 value.
Note: Starting dynamic gmin stepping
Note: Dynamic gmin stepping completed

Initial Transient Solution
--------------------------

Node                                   Voltage
----                                   -------
vdd                                       2.97
vcm                                      1.485
vinp                                     0.985
ibias                                 0.701487
xdut.tail                             0.291787
xdut.n1                                 2.1795
vout                                  0.985011
xdut.n2                                2.18174
xdut.nz                               0.985011
xdut.xrz.11                           0.985011
xdut.xrz.21                           0.985011
vstep#branch                                 0
vcm#branch                                   0
vdd#branch                          -8.026e-05


No. of Data Rows : 1027

  Measurements for Transient Analysis

vlo_v               =  9.85011e-01
vhi_v               =  1.98501e+00

ASCII raw file "/var/tmp/eda-job-klt-sim-e25ca1c133e3/outputs/artifacts/ff_vcm1p485_vdd2p970V_125C/waveform.raw"
ngspice-46 done
