
Note: No compatibility mode selected!


Circuit: * klt sim -- generated corner deck, do not edit

Doing analysis at TEMP = -40.000000 and TNOM = 27.000000

Using SPARSE 1.3 as Direct Linear Solver
Note: vstep: dc value used for op instead of transient time=0 value.

Initial Transient Solution
--------------------------

Node                                   Voltage
----                                   -------
vdd                                       2.97
vcm                                      1.485
vinp                                     0.985
ibias                                 0.827737
xdut.tail                             0.161285
xdut.n1                                1.84042
vout                                  0.984958
xdut.n2                                1.83032
xdut.nz                               0.984958
xdut.xrz.11                           0.984958
xdut.xrz.21                           0.984958
vstep#branch                                 0
vcm#branch                                   0
vdd#branch                        -8.41886e-05


No. of Data Rows : 1027

  Measurements for Transient Analysis

vlo_v               =  9.84958e-01
vhi_v               =  1.98496e+00

ASCII raw file "/var/tmp/eda-job-klt-sim-e25ca1c133e3/outputs/artifacts/fs_vcm1p485_vdd2p970V_n40C/waveform.raw"
ngspice-46 done
