
Note: No compatibility mode selected!


Circuit: * klt sim -- generated corner deck, do not edit

Doing analysis at TEMP = -40.000000 and TNOM = 27.000000

Using SPARSE 1.3 as Direct Linear Solver
Note: vstep: dc value used for op instead of transient time=0 value.

Initial Transient Solution
--------------------------

Node                                   Voltage
----                                   -------
vdd                                        3.3
vcm                                       1.65
vinp                                      1.15
ibias                                 0.993636
xdut.tail                             0.161329
xdut.n1                                2.35829
vout                                   1.14996
xdut.n2                                2.34911
xdut.nz                                1.14996
xdut.xrz.11                            1.14996
xdut.xrz.21                            1.14996
vstep#branch                                 0
vcm#branch                                   0
vdd#branch                        -8.39196e-05


No. of Data Rows : 1027

  Measurements for Transient Analysis

vlo_v               =  1.14996e+00
vhi_v               =  2.14997e+00

ASCII raw file "/var/tmp/eda-job-klt-sim-e25ca1c133e3/outputs/artifacts/sf_vcm1p650_vdd3p300V_n40C/waveform.raw"
ngspice-46 done
