
Note: No compatibility mode selected!


Circuit: * klt sim -- generated corner deck, do not edit

Doing analysis at TEMP = 125.000000 and TNOM = 27.000000

Using SPARSE 1.3 as Direct Linear Solver
Note: vstep: dc value used for op instead of transient time=0 value.
Note: Starting dynamic gmin stepping
Note: Dynamic gmin stepping completed

Initial Transient Solution
--------------------------

Node                                   Voltage
----                                   -------
vdd                                       3.63
vcm                                      1.815
vinp                                     1.315
ibias                                 0.820922
xdut.tail                             0.449288
xdut.n1                                2.70432
vout                                   1.31502
xdut.n2                                2.70746
xdut.nz                                1.31502
xdut.xrz.11                            1.31502
xdut.xrz.21                            1.31502
vstep#branch                                 0
vcm#branch                                   0
vdd#branch                        -8.05197e-05


No. of Data Rows : 1027

  Measurements for Transient Analysis

vlo_v               =  1.31502e+00
vhi_v               =  2.31501e+00

ASCII raw file "/var/tmp/eda-job-klt-sim-e25ca1c133e3/outputs/artifacts/typical_vcm1p815_vdd3p630V_125C/waveform.raw"
ngspice-46 done
