
Note: No compatibility mode selected!


Circuit: * klt sim -- generated corner deck, do not edit

Doing analysis at TEMP = 27.000000 and TNOM = 27.000000

Using SPARSE 1.3 as Direct Linear Solver
Note: vstep: dc value used for op instead of transient time=0 value.

Initial Transient Solution
--------------------------

Node                                   Voltage
----                                   -------
vdd                                        3.3
vcm                                       1.65
vinp                                      1.15
ibias                              3.06632e-16
xdut.tail                              1.05425
xdut.n1                                 2.9623
vout                                    1.6035
xdut.n2                                3.28177
xdut.nz                                 1.6035
xdut.xrz.11                             1.6035
xdut.xrz.21                             1.6035
vstep#branch                                 0
vcm#branch                                   0
vdd#branch                        -1.10915e-11


No. of Data Rows : 10020

  Measurements for Transient Analysis

vlo_v               =  1.603500e+00
vhi_v               =  1.602732e+00

ASCII raw file "/tmp/ssp-mfvarjc0/ibias-zero-slew/out/typical_vcm1p650_vdd3p300V_27C/waveform.raw"
ngspice-42 done
