
Note: No compatibility mode selected!


Circuit: * klt sim -- generated corner deck, do not edit

Doing analysis at TEMP = -40.000000 and TNOM = 27.000000

Using SPARSE 1.3 as Direct Linear Solver

No. of Data Rows : 201
Doing analysis at TEMP = -40.000000 and TNOM = 27.000000

Using SPARSE 1.3 as Direct Linear Solver

No. of Data Rows : 1
v(vout) = 1.649972e+00
v(vinp) = 1.650000e+00
v(vinn) = 1.649972e+00
@m.xdut.xm1.m0[vds] = 1.693473e+00
@m.xdut.xm1.m0[vdsat] = 1.158648e-01
@m.xdut.xm2.m0[vds] = 1.686763e+00
@m.xdut.xm2.m0[vdsat] = 1.158841e-01
@m.xdut.xm3.m0[vds] = 9.098621e-01
@m.xdut.xm3.m0[vdsat] = 1.610105e-01
@m.xdut.xm4.m0[vds] = 9.165721e-01
@m.xdut.xm4.m0[vdsat] = 1.610105e-01
@m.xdut.xm5.m0[vds] = 6.966551e-01
@m.xdut.xm5.m0[vdsat] = 1.542369e-01
@m.xdut.xm6.m0[vds] = 1.650025e+00
@m.xdut.xm6.m0[vdsat] = 1.649330e-01
@m.xdut.xm7.m0[vds] = 1.649968e+00
@m.xdut.xm7.m0[vdsat] = 1.572230e-01
@m.xdut.xmb1.m0[vds] = 7.955863e-01
@m.xdut.xmb1.m0[vdsat] = 1.542369e-01
ASCII raw file "/var/tmp/eda-job-klt-sim-82d779ebef4e/outputs/artifacts/ff_vcm1p650_vdd3p300V_n40C/waveform.raw"
ngspice-46 done
