
Note: No compatibility mode selected!


Circuit: * klt sim -- generated corner deck, do not edit

Doing analysis at TEMP = 125.000000 and TNOM = 27.000000

Using SPARSE 1.3 as Direct Linear Solver
Note: Starting dynamic gmin stepping
Note: Dynamic gmin stepping completed

No. of Data Rows : 201
Doing analysis at TEMP = 125.000000 and TNOM = 27.000000

Using SPARSE 1.3 as Direct Linear Solver
Note: Starting dynamic gmin stepping
Note: Dynamic gmin stepping completed

No. of Data Rows : 1
v(vout) = 1.815015e+00
v(vinp) = 1.815000e+00
v(vinn) = 1.815015e+00
@m.xdut.xm1.m0[vds] = 1.901842e+00
@m.xdut.xm1.m0[vdsat] = 1.887671e-01
@m.xdut.xm2.m0[vds] = 1.905030e+00
@m.xdut.xm2.m0[vdsat] = 1.887553e-01
@m.xdut.xm3.m0[vds] = 7.932512e-01
@m.xdut.xm3.m0[vdsat] = 2.233823e-01
@m.xdut.xm4.m0[vds] = 7.900638e-01
@m.xdut.xm4.m0[vdsat] = 2.233823e-01
@m.xdut.xm5.m0[vds] = 9.348966e-01
@m.xdut.xm5.m0[vdsat] = 2.481519e-01
@m.xdut.xm6.m0[vds] = 1.814983e+00
@m.xdut.xm6.m0[vdsat] = 2.206412e-01
@m.xdut.xm7.m0[vds] = 1.815011e+00
@m.xdut.xm7.m0[vdsat] = 2.465732e-01
@m.xdut.xmb1.m0[vds] = 7.014824e-01
@m.xdut.xmb1.m0[vdsat] = 2.481520e-01
ASCII raw file "/var/tmp/eda-job-klt-sim-82d779ebef4e/outputs/artifacts/ff_vcm1p815_vdd3p630V_125C/waveform.raw"
ngspice-46 done
