
Note: No compatibility mode selected!


Circuit: * klt sim -- generated corner deck, do not edit

Doing analysis at TEMP = 125.000000 and TNOM = 27.000000

Using SPARSE 1.3 as Direct Linear Solver

No. of Data Rows : 201
Doing analysis at TEMP = 125.000000 and TNOM = 27.000000

Using SPARSE 1.3 as Direct Linear Solver

No. of Data Rows : 1
v(vout) = 1.650014e+00
v(vinp) = 1.650000e+00
v(vinn) = 1.650014e+00
@m.xdut.xm1.m0[vds] = 1.702750e+00
@m.xdut.xm1.m0[vdsat] = 1.874506e-01
@m.xdut.xm2.m0[vds] = 1.705605e+00
@m.xdut.xm2.m0[vdsat] = 1.874399e-01
@m.xdut.xm3.m0[vds] = 7.929453e-01
@m.xdut.xm3.m0[vdsat] = 2.231664e-01
@m.xdut.xm4.m0[vds] = 7.900909e-01
@m.xdut.xm4.m0[vdsat] = 2.231664e-01
@m.xdut.xm5.m0[vds] = 8.042947e-01
@m.xdut.xm5.m0[vdsat] = 2.481520e-01
@m.xdut.xm6.m0[vds] = 1.649984e+00
@m.xdut.xm6.m0[vdsat] = 2.206600e-01
@m.xdut.xm7.m0[vds] = 1.650010e+00
@m.xdut.xm7.m0[vdsat] = 2.465732e-01
@m.xdut.xmb1.m0[vds] = 7.014824e-01
@m.xdut.xmb1.m0[vdsat] = 2.481520e-01
ASCII raw file "/var/tmp/eda-job-klt-sim-44ea0fd17cee/outputs/artifacts/ff_vcm1p650_vdd3p300V_125C/waveform.raw"
ngspice-46 done
