
Note: No compatibility mode selected!


Circuit: * klt sim -- generated corner deck, do not edit

Doing analysis at TEMP = 125.000000 and TNOM = 27.000000

Using SPARSE 1.3 as Direct Linear Solver
Note: Starting dynamic gmin stepping
Note: Dynamic gmin stepping completed

No. of Data Rows : 201
Doing analysis at TEMP = 125.000000 and TNOM = 27.000000

Using SPARSE 1.3 as Direct Linear Solver
Note: Starting dynamic gmin stepping
Note: Dynamic gmin stepping completed

No. of Data Rows : 1
v(vout) = 1.485008e+00
v(vinp) = 1.485000e+00
v(vinn) = 1.485008e+00
@m.xdut.xm1.m0[vds] = 1.302514e+00
@m.xdut.xm1.m0[vdsat] = 1.883607e-01
@m.xdut.xm2.m0[vds] = 1.304197e+00
@m.xdut.xm2.m0[vdsat] = 1.883547e-01
@m.xdut.xm3.m0[vds] = 1.022534e+00
@m.xdut.xm3.m0[vdsat] = 2.340656e-01
@m.xdut.xm4.m0[vds] = 1.020851e+00
@m.xdut.xm4.m0[vdsat] = 2.340656e-01
@m.xdut.xm5.m0[vds] = 6.449426e-01
@m.xdut.xm5.m0[vdsat] = 2.508097e-01
@m.xdut.xm6.m0[vds] = 1.484990e+00
@m.xdut.xm6.m0[vdsat] = 2.325208e-01
@m.xdut.xm7.m0[vds] = 1.485004e+00
@m.xdut.xm7.m0[vdsat] = 2.493319e-01
@m.xdut.xmb1.m0[vds] = 7.355837e-01
@m.xdut.xmb1.m0[vdsat] = 2.508097e-01
ASCII raw file "/var/tmp/eda-job-klt-sim-44ea0fd17cee/outputs/artifacts/fs_vcm1p485_vdd2p970V_125C/waveform.raw"
ngspice-46 done
