
Note: No compatibility mode selected!


Circuit: * klt sim -- generated corner deck, do not edit

Doing analysis at TEMP = 27.000000 and TNOM = 27.000000

Using SPARSE 1.3 as Direct Linear Solver
Note: Starting dynamic gmin stepping
Note: Dynamic gmin stepping completed

No. of Data Rows : 201
Doing analysis at TEMP = 27.000000 and TNOM = 27.000000

Using SPARSE 1.3 as Direct Linear Solver
Note: Starting dynamic gmin stepping
Note: Dynamic gmin stepping completed

No. of Data Rows : 1
v(vout) = 1.649986e+00
v(vinp) = 1.650000e+00
v(vinn) = 1.649986e+00
@m.xdut.xm1.m0[vds] = 1.822903e+00
@m.xdut.xm1.m0[vdsat] = 1.497406e-01
@m.xdut.xm2.m0[vds] = 1.819902e+00
@m.xdut.xm2.m0[vdsat] = 1.497504e-01
@m.xdut.xm3.m0[vds] = 9.008789e-01
@m.xdut.xm3.m0[vdsat] = 1.890900e-01
@m.xdut.xm4.m0[vds] = 9.038799e-01
@m.xdut.xm4.m0[vdsat] = 1.890900e-01
@m.xdut.xm5.m0[vds] = 5.762087e-01
@m.xdut.xm5.m0[vdsat] = 1.999634e-01
@m.xdut.xm6.m0[vds] = 1.650012e+00
@m.xdut.xm6.m0[vdsat] = 1.905403e-01
@m.xdut.xm7.m0[vds] = 1.649982e+00
@m.xdut.xm7.m0[vdsat] = 2.013804e-01
@m.xdut.xmb1.m0[vds] = 9.581963e-01
@m.xdut.xmb1.m0[vdsat] = 1.999634e-01
ASCII raw file "/var/tmp/eda-job-klt-sim-82d779ebef4e/outputs/artifacts/sf_vcm1p650_vdd3p300V_27C/waveform.raw"
ngspice-46 done
