
Note: No compatibility mode selected!


Circuit: * klt sim -- generated corner deck, do not edit

Doing analysis at TEMP = 125.000000 and TNOM = 27.000000

Using SPARSE 1.3 as Direct Linear Solver

No. of Data Rows : 201
Doing analysis at TEMP = 125.000000 and TNOM = 27.000000

Using SPARSE 1.3 as Direct Linear Solver

No. of Data Rows : 1
v(vout) = 1.650007e+00
v(vinp) = 1.650000e+00
v(vinn) = 1.650007e+00
@m.xdut.xm1.m0[vds] = 1.632484e+00
@m.xdut.xm1.m0[vdsat] = 1.953933e-01
@m.xdut.xm2.m0[vds] = 1.633995e+00
@m.xdut.xm2.m0[vdsat] = 1.953879e-01
@m.xdut.xm3.m0[vds] = 1.060121e+00
@m.xdut.xm3.m0[vdsat] = 2.358617e-01
@m.xdut.xm4.m0[vds] = 1.058610e+00
@m.xdut.xm4.m0[vdsat] = 2.358617e-01
@m.xdut.xm5.m0[vds] = 6.073852e-01
@m.xdut.xm5.m0[vdsat] = 2.602955e-01
@m.xdut.xm6.m0[vds] = 1.649991e+00
@m.xdut.xm6.m0[vdsat] = 2.344689e-01
@m.xdut.xm7.m0[vds] = 1.650003e+00
@m.xdut.xm7.m0[vdsat] = 2.591365e-01
@m.xdut.xmb1.m0[vds] = 9.406331e-01
@m.xdut.xmb1.m0[vdsat] = 2.602955e-01
ASCII raw file "/var/tmp/eda-job-klt-sim-82d779ebef4e/outputs/artifacts/ss_vcm1p650_vdd3p300V_125C/waveform.raw"
ngspice-46 done
