
Note: No compatibility mode selected!


Circuit: * klt sim -- generated corner deck, do not edit

Doing analysis at TEMP = 27.000000 and TNOM = 27.000000

Using SPARSE 1.3 as Direct Linear Solver
Note: Starting dynamic gmin stepping
Note: Dynamic gmin stepping completed

No. of Data Rows : 201
Doing analysis at TEMP = 27.000000 and TNOM = 27.000000

Using SPARSE 1.3 as Direct Linear Solver
Note: Starting dynamic gmin stepping
Note: Dynamic gmin stepping completed

No. of Data Rows : 1
v(vout) = 1.814987e+00
v(vinp) = 1.815000e+00
v(vinn) = 1.814987e+00
@m.xdut.xm1.m0[vds] = 1.862180e+00
@m.xdut.xm1.m0[vdsat] = 1.494167e-01
@m.xdut.xm2.m0[vds] = 1.859210e+00
@m.xdut.xm2.m0[vdsat] = 1.494258e-01
@m.xdut.xm3.m0[vds] = 9.961042e-01
@m.xdut.xm3.m0[vdsat] = 1.932288e-01
@m.xdut.xm4.m0[vds] = 9.990742e-01
@m.xdut.xm4.m0[vdsat] = 1.932288e-01
@m.xdut.xm5.m0[vds] = 7.717057e-01
@m.xdut.xm5.m0[vdsat] = 1.973665e-01
@m.xdut.xm6.m0[vds] = 1.815010e+00
@m.xdut.xm6.m0[vdsat] = 1.946872e-01
@m.xdut.xm7.m0[vds] = 1.814983e+00
@m.xdut.xm7.m0[vdsat] = 1.987183e-01
@m.xdut.xmb1.m0[vds] = 8.741525e-01
@m.xdut.xmb1.m0[vdsat] = 1.973665e-01
ASCII raw file "/var/tmp/eda-job-klt-sim-82d779ebef4e/outputs/artifacts/typical_vcm1p815_vdd3p630V_27C/waveform.raw"
ngspice-46 done
