
Note: No compatibility mode selected!


Circuit: * klt sim -- generated corner deck, do not edit

Doing analysis at TEMP = -40.000000 and TNOM = 27.000000

Using SPARSE 1.3 as Direct Linear Solver

No. of Data Rows : 201
Doing analysis at TEMP = -40.000000 and TNOM = 27.000000

Using SPARSE 1.3 as Direct Linear Solver

No. of Data Rows : 1
v(vout) = 1.814974e+00
v(vinp) = 1.815000e+00
v(vinn) = 1.814974e+00
@m.xdut.xm1.m0[vds] = 1.892441e+00
@m.xdut.xm1.m0[vdsat] = 1.165798e-01
@m.xdut.xm2.m0[vds] = 1.885993e+00
@m.xdut.xm2.m0[vdsat] = 1.165981e-01
@m.xdut.xm3.m0[vds] = 9.101656e-01
@m.xdut.xm3.m0[vdsat] = 1.612284e-01
@m.xdut.xm4.m0[vds] = 9.166133e-01
@m.xdut.xm4.m0[vdsat] = 1.612284e-01
@m.xdut.xm5.m0[vds] = 8.273839e-01
@m.xdut.xm5.m0[vdsat] = 1.542369e-01
@m.xdut.xm6.m0[vds] = 1.815024e+00
@m.xdut.xm6.m0[vdsat] = 1.649631e-01
@m.xdut.xm7.m0[vds] = 1.814969e+00
@m.xdut.xm7.m0[vdsat] = 1.572230e-01
@m.xdut.xmb1.m0[vds] = 7.955863e-01
@m.xdut.xmb1.m0[vdsat] = 1.542369e-01
ASCII raw file "/var/tmp/eda-job-klt-sim-65c93433b051/outputs/artifacts/ff_vcm1p815_vdd3p630V_n40C/waveform.raw"
ngspice-46 done
