
Note: No compatibility mode selected!


Circuit: * klt sim -- generated corner deck, do not edit

Doing analysis at TEMP = 125.000000 and TNOM = 27.000000

Using SPARSE 1.3 as Direct Linear Solver
Note: Starting dynamic gmin stepping
Note: Dynamic gmin stepping completed

No. of Data Rows : 201
Doing analysis at TEMP = 125.000000 and TNOM = 27.000000

Using SPARSE 1.3 as Direct Linear Solver
Note: Starting dynamic gmin stepping
Note: Dynamic gmin stepping completed

No. of Data Rows : 1
v(vout) = 1.485013e+00
v(vinp) = 1.485000e+00
v(vinn) = 1.485013e+00
@m.xdut.xm1.m0[vds] = 1.502673e+00
@m.xdut.xm1.m0[vdsat] = 1.861048e-01
@m.xdut.xm2.m0[vds] = 1.505150e+00
@m.xdut.xm2.m0[vdsat] = 1.860953e-01
@m.xdut.xm3.m0[vds] = 7.926119e-01
@m.xdut.xm3.m0[vdsat] = 2.229311e-01
@m.xdut.xm4.m0[vds] = 7.901354e-01
@m.xdut.xm4.m0[vdsat] = 2.229310e-01
@m.xdut.xm5.m0[vds] = 6.747050e-01
@m.xdut.xm5.m0[vdsat] = 2.481520e-01
@m.xdut.xm6.m0[vds] = 1.484985e+00
@m.xdut.xm6.m0[vdsat] = 2.206913e-01
@m.xdut.xm7.m0[vds] = 1.485008e+00
@m.xdut.xm7.m0[vdsat] = 2.465732e-01
@m.xdut.xmb1.m0[vds] = 7.014824e-01
@m.xdut.xmb1.m0[vdsat] = 2.481520e-01
ASCII raw file "/var/tmp/eda-job-klt-sim-65c93433b051/outputs/artifacts/ff_vcm1p485_vdd2p970V_125C/waveform.raw"
ngspice-46 done
