
Note: No compatibility mode selected!


Circuit: * klt sim -- generated corner deck, do not edit

Doing analysis at TEMP = 27.000000 and TNOM = 27.000000

Using SPARSE 1.3 as Direct Linear Solver

No. of Data Rows : 201
Doing analysis at TEMP = 27.000000 and TNOM = 27.000000

Using SPARSE 1.3 as Direct Linear Solver

No. of Data Rows : 1
v(vout) = 1.649988e+00
v(vinp) = 1.650000e+00
v(vinn) = 1.649988e+00
@m.xdut.xm1.m0[vds] = 1.694341e+00
@m.xdut.xm1.m0[vdsat] = 1.451215e-01
@m.xdut.xm2.m0[vds] = 1.691657e+00
@m.xdut.xm2.m0[vdsat] = 1.451301e-01
@m.xdut.xm3.m0[vds] = 8.644632e-01
@m.xdut.xm3.m0[vdsat] = 1.875926e-01
@m.xdut.xm4.m0[vds] = 8.671476e-01
@m.xdut.xm4.m0[vdsat] = 1.875926e-01
@m.xdut.xm5.m0[vds] = 7.411859e-01
@m.xdut.xm5.m0[vdsat] = 1.927930e-01
@m.xdut.xm6.m0[vds] = 1.650010e+00
@m.xdut.xm6.m0[vdsat] = 1.888015e-01
@m.xdut.xm7.m0[vds] = 1.649984e+00
@m.xdut.xm7.m0[vdsat] = 1.940144e-01
@m.xdut.xmb1.m0[vds] = 7.573786e-01
@m.xdut.xmb1.m0[vdsat] = 1.927930e-01
ASCII raw file "/var/tmp/eda-job-klt-sim-0e2c841f34b9/outputs/artifacts/ff_vcm1p650_vdd3p300V_27C/waveform.raw"
ngspice-46 done
