
Note: No compatibility mode selected!


Circuit: * klt sim -- generated corner deck, do not edit

Doing analysis at TEMP = 27.000000 and TNOM = 27.000000

Using SPARSE 1.3 as Direct Linear Solver
Note: Starting dynamic gmin stepping
Note: Dynamic gmin stepping completed

No. of Data Rows : 201
Doing analysis at TEMP = 27.000000 and TNOM = 27.000000

Using SPARSE 1.3 as Direct Linear Solver
Note: Starting dynamic gmin stepping
Note: Dynamic gmin stepping completed

No. of Data Rows : 1
v(vout) = 1.814990e+00
v(vinp) = 1.815000e+00
v(vinn) = 1.814990e+00
@m.xdut.xm1.m0[vds] = 1.893329e+00
@m.xdut.xm1.m0[vdsat] = 1.460638e-01
@m.xdut.xm2.m0[vds] = 1.890939e+00
@m.xdut.xm2.m0[vdsat] = 1.460714e-01
@m.xdut.xm3.m0[vds] = 8.647661e-01
@m.xdut.xm3.m0[vdsat] = 1.878090e-01
@m.xdut.xm4.m0[vds] = 8.671565e-01
@m.xdut.xm4.m0[vdsat] = 1.878090e-01
@m.xdut.xm5.m0[vds] = 8.718946e-01
@m.xdut.xm5.m0[vdsat] = 1.927930e-01
@m.xdut.xm6.m0[vds] = 1.815008e+00
@m.xdut.xm6.m0[vdsat] = 1.888083e-01
@m.xdut.xm7.m0[vds] = 1.814985e+00
@m.xdut.xm7.m0[vdsat] = 1.940144e-01
@m.xdut.xmb1.m0[vds] = 7.573786e-01
@m.xdut.xmb1.m0[vdsat] = 1.927930e-01
ASCII raw file "/var/tmp/eda-job-klt-sim-3929d8beedc5/outputs/artifacts/ff_vcm1p815_vdd3p630V_27C/waveform.raw"
ngspice-46 done
