
Note: No compatibility mode selected!


Circuit: * klt sim -- generated corner deck, do not edit

Doing analysis at TEMP = 27.000000 and TNOM = 27.000000

Using SPARSE 1.3 as Direct Linear Solver
Note: Starting dynamic gmin stepping
Note: Dynamic gmin stepping completed

No. of Data Rows : 201
Doing analysis at TEMP = 27.000000 and TNOM = 27.000000

Using SPARSE 1.3 as Direct Linear Solver
Note: Starting dynamic gmin stepping
Note: Dynamic gmin stepping completed

No. of Data Rows : 1
v(vout) = 1.484986e+00
v(vinp) = 1.485000e+00
v(vinn) = 1.484986e+00
@m.xdut.xm1.m0[vds] = 1.494283e+00
@m.xdut.xm1.m0[vdsat] = 1.441605e-01
@m.xdut.xm2.m0[vds] = 1.491262e+00
@m.xdut.xm2.m0[vdsat] = 1.441704e-01
@m.xdut.xm3.m0[vds] = 8.641356e-01
@m.xdut.xm3.m0[vdsat] = 1.873587e-01
@m.xdut.xm4.m0[vds] = 8.671557e-01
@m.xdut.xm4.m0[vdsat] = 1.873587e-01
@m.xdut.xm5.m0[vds] = 6.115721e-01
@m.xdut.xm5.m0[vdsat] = 1.927930e-01
@m.xdut.xm6.m0[vds] = 1.485012e+00
@m.xdut.xm6.m0[vdsat] = 1.888071e-01
@m.xdut.xm7.m0[vds] = 1.484982e+00
@m.xdut.xm7.m0[vdsat] = 1.940145e-01
@m.xdut.xmb1.m0[vds] = 7.573786e-01
@m.xdut.xmb1.m0[vdsat] = 1.927930e-01
ASCII raw file "/var/tmp/eda-job-klt-sim-0e2c841f34b9/outputs/artifacts/ff_vcm1p485_vdd2p970V_27C/waveform.raw"
ngspice-46 done
