
Note: No compatibility mode selected!


Circuit: * klt sim -- generated corner deck, do not edit

Doing analysis at TEMP = -40.000000 and TNOM = 27.000000

Using SPARSE 1.3 as Direct Linear Solver

No. of Data Rows : 201
Doing analysis at TEMP = -40.000000 and TNOM = 27.000000

Using SPARSE 1.3 as Direct Linear Solver

No. of Data Rows : 1
v(vout) = 1.649969e+00
v(vinp) = 1.650000e+00
v(vinn) = 1.649969e+00
@m.xdut.xm1.m0[vds] = 1.498669e+00
@m.xdut.xm1.m0[vdsat] = 1.173774e-01
@m.xdut.xm2.m0[vds] = 1.490922e+00
@m.xdut.xm2.m0[vdsat] = 1.173986e-01
@m.xdut.xm3.m0[vds] = 1.133830e+00
@m.xdut.xm3.m0[vdsat] = 1.689386e-01
@m.xdut.xm4.m0[vds] = 1.141577e+00
@m.xdut.xm4.m0[vdsat] = 1.689386e-01
@m.xdut.xm5.m0[vds] = 6.674917e-01
@m.xdut.xm5.m0[vdsat] = 1.558149e-01
@m.xdut.xm6.m0[vds] = 1.650028e+00
@m.xdut.xm6.m0[vdsat] = 1.735978e-01
@m.xdut.xm7.m0[vds] = 1.649965e+00
@m.xdut.xm7.m0[vdsat] = 1.588365e-01
@m.xdut.xmb1.m0[vds] = 8.277326e-01
@m.xdut.xmb1.m0[vdsat] = 1.558149e-01
ASCII raw file "/var/tmp/eda-job-klt-sim-0e2c841f34b9/outputs/artifacts/fs_vcm1p650_vdd3p300V_n40C/waveform.raw"
ngspice-46 done
