
Note: No compatibility mode selected!


Circuit: * klt sim -- generated corner deck, do not edit

Doing analysis at TEMP = -40.000000 and TNOM = 27.000000

Using SPARSE 1.3 as Direct Linear Solver

No. of Data Rows : 201
Doing analysis at TEMP = -40.000000 and TNOM = 27.000000

Using SPARSE 1.3 as Direct Linear Solver

No. of Data Rows : 1
v(vout) = 1.484967e+00
v(vinp) = 1.485000e+00
v(vinn) = 1.484967e+00
@m.xdut.xm1.m0[vds] = 1.297604e+00
@m.xdut.xm1.m0[vdsat] = 1.166424e-01
@m.xdut.xm2.m0[vds] = 1.289527e+00
@m.xdut.xm2.m0[vdsat] = 1.166652e-01
@m.xdut.xm3.m0[vds] = 1.133475e+00
@m.xdut.xm3.m0[vdsat] = 1.686878e-01
@m.xdut.xm4.m0[vds] = 1.141552e+00
@m.xdut.xm4.m0[vdsat] = 1.686878e-01
@m.xdut.xm5.m0[vds] = 5.389118e-01
@m.xdut.xm5.m0[vdsat] = 1.558149e-01
@m.xdut.xm6.m0[vds] = 1.485031e+00
@m.xdut.xm6.m0[vdsat] = 1.735797e-01
@m.xdut.xm7.m0[vds] = 1.484962e+00
@m.xdut.xm7.m0[vdsat] = 1.588365e-01
@m.xdut.xmb1.m0[vds] = 8.277326e-01
@m.xdut.xmb1.m0[vdsat] = 1.558149e-01
ASCII raw file "/var/tmp/eda-job-klt-sim-3929d8beedc5/outputs/artifacts/fs_vcm1p485_vdd2p970V_n40C/waveform.raw"
ngspice-46 done
