
Note: No compatibility mode selected!


Circuit: * klt sim -- generated corner deck, do not edit

Doing analysis at TEMP = -40.000000 and TNOM = 27.000000

Using SPARSE 1.3 as Direct Linear Solver

No. of Data Rows : 201
Doing analysis at TEMP = -40.000000 and TNOM = 27.000000

Using SPARSE 1.3 as Direct Linear Solver

No. of Data Rows : 1
v(vout) = 1.814971e+00
v(vinp) = 1.815000e+00
v(vinn) = 1.814971e+00
@m.xdut.xm1.m0[vds] = 1.698571e+00
@m.xdut.xm1.m0[vdsat] = 1.180989e-01
@m.xdut.xm2.m0[vds] = 1.691106e+00
@m.xdut.xm2.m0[vdsat] = 1.181189e-01
@m.xdut.xm3.m0[vds] = 1.134155e+00
@m.xdut.xm3.m0[vdsat] = 1.691679e-01
@m.xdut.xm4.m0[vds] = 1.141619e+00
@m.xdut.xm4.m0[vdsat] = 1.691679e-01
@m.xdut.xm5.m0[vds] = 7.972643e-01
@m.xdut.xm5.m0[vdsat] = 1.558149e-01
@m.xdut.xm6.m0[vds] = 1.815026e+00
@m.xdut.xm6.m0[vdsat] = 1.736287e-01
@m.xdut.xm7.m0[vds] = 1.814967e+00
@m.xdut.xm7.m0[vdsat] = 1.588365e-01
@m.xdut.xmb1.m0[vds] = 8.277326e-01
@m.xdut.xmb1.m0[vdsat] = 1.558149e-01
ASCII raw file "/var/tmp/eda-job-klt-sim-0e2c841f34b9/outputs/artifacts/fs_vcm1p815_vdd3p630V_n40C/waveform.raw"
ngspice-46 done
