
Note: No compatibility mode selected!


Circuit: * klt sim -- generated corner deck, do not edit

Doing analysis at TEMP = 125.000000 and TNOM = 27.000000

Using SPARSE 1.3 as Direct Linear Solver

No. of Data Rows : 201
Doing analysis at TEMP = 125.000000 and TNOM = 27.000000

Using SPARSE 1.3 as Direct Linear Solver

No. of Data Rows : 1
v(vout) = 1.650010e+00
v(vinp) = 1.650000e+00
v(vinn) = 1.650010e+00
@m.xdut.xm1.m0[vds] = 1.503495e+00
@m.xdut.xm1.m0[vdsat] = 1.897184e-01
@m.xdut.xm2.m0[vds] = 1.505592e+00
@m.xdut.xm2.m0[vdsat] = 1.897111e-01
@m.xdut.xm3.m0[vds] = 1.022900e+00
@m.xdut.xm3.m0[vdsat] = 2.343211e-01
@m.xdut.xm4.m0[vds] = 1.020802e+00
@m.xdut.xm4.m0[vdsat] = 2.343211e-01
@m.xdut.xm5.m0[vds] = 7.735957e-01
@m.xdut.xm5.m0[vdsat] = 2.508097e-01
@m.xdut.xm6.m0[vds] = 1.649988e+00
@m.xdut.xm6.m0[vdsat] = 2.324869e-01
@m.xdut.xm7.m0[vds] = 1.650005e+00
@m.xdut.xm7.m0[vdsat] = 2.493318e-01
@m.xdut.xmb1.m0[vds] = 7.355837e-01
@m.xdut.xmb1.m0[vdsat] = 2.508097e-01
ASCII raw file "/var/tmp/eda-job-klt-sim-3929d8beedc5/outputs/artifacts/fs_vcm1p650_vdd3p300V_125C/waveform.raw"
ngspice-46 done
