
Note: No compatibility mode selected!


Circuit: * klt sim -- generated corner deck, do not edit

Doing analysis at TEMP = 27.000000 and TNOM = 27.000000

Using SPARSE 1.3 as Direct Linear Solver

No. of Data Rows : 201
Doing analysis at TEMP = 27.000000 and TNOM = 27.000000

Using SPARSE 1.3 as Direct Linear Solver

No. of Data Rows : 1
v(vout) = 1.649985e+00
v(vinp) = 1.650000e+00
v(vinn) = 1.649985e+00
@m.xdut.xm1.m0[vds] = 1.497788e+00
@m.xdut.xm1.m0[vdsat] = 1.469421e-01
@m.xdut.xm2.m0[vds] = 1.494204e+00
@m.xdut.xm2.m0[vdsat] = 1.469531e-01
@m.xdut.xm3.m0[vds] = 1.090838e+00
@m.xdut.xm3.m0[vdsat] = 1.968042e-01
@m.xdut.xm4.m0[vds] = 1.094422e+00
@m.xdut.xm4.m0[vdsat] = 1.968042e-01
@m.xdut.xm5.m0[vds] = 7.113635e-01
@m.xdut.xm5.m0[vdsat] = 1.947940e-01
@m.xdut.xm6.m0[vds] = 1.650013e+00
@m.xdut.xm6.m0[vdsat] = 1.987194e-01
@m.xdut.xm7.m0[vds] = 1.649980e+00
@m.xdut.xm7.m0[vdsat] = 1.960770e-01
@m.xdut.xmb1.m0[vds] = 7.903301e-01
@m.xdut.xmb1.m0[vdsat] = 1.947940e-01
ASCII raw file "/var/tmp/eda-job-klt-sim-3929d8beedc5/outputs/artifacts/fs_vcm1p650_vdd3p300V_27C/waveform.raw"
ngspice-46 done
