
Note: No compatibility mode selected!


Circuit: * klt sim -- generated corner deck, do not edit

Doing analysis at TEMP = 27.000000 and TNOM = 27.000000

Using SPARSE 1.3 as Direct Linear Solver
Note: Starting dynamic gmin stepping
Note: Dynamic gmin stepping completed

No. of Data Rows : 201
Doing analysis at TEMP = 27.000000 and TNOM = 27.000000

Using SPARSE 1.3 as Direct Linear Solver
Note: Starting dynamic gmin stepping
Note: Dynamic gmin stepping completed

No. of Data Rows : 1
v(vout) = 1.814987e+00
v(vinp) = 1.815000e+00
v(vinn) = 1.814987e+00
@m.xdut.xm1.m0[vds] = 1.697691e+00
@m.xdut.xm1.m0[vdsat] = 1.478933e-01
@m.xdut.xm2.m0[vds] = 1.694424e+00
@m.xdut.xm2.m0[vdsat] = 1.479030e-01
@m.xdut.xm3.m0[vds] = 1.091163e+00
@m.xdut.xm3.m0[vdsat] = 1.970330e-01
@m.xdut.xm4.m0[vds] = 1.094431e+00
@m.xdut.xm4.m0[vdsat] = 1.970330e-01
@m.xdut.xm5.m0[vds] = 8.411356e-01
@m.xdut.xm5.m0[vdsat] = 1.947940e-01
@m.xdut.xm6.m0[vds] = 1.815011e+00
@m.xdut.xm6.m0[vdsat] = 1.987257e-01
@m.xdut.xm7.m0[vds] = 1.814982e+00
@m.xdut.xm7.m0[vdsat] = 1.960770e-01
@m.xdut.xmb1.m0[vds] = 7.903301e-01
@m.xdut.xmb1.m0[vdsat] = 1.947940e-01
ASCII raw file "/var/tmp/eda-job-klt-sim-0e2c841f34b9/outputs/artifacts/fs_vcm1p815_vdd3p630V_27C/waveform.raw"
ngspice-46 done
