
Note: No compatibility mode selected!


Circuit: * klt sim -- generated corner deck, do not edit

Doing analysis at TEMP = -40.000000 and TNOM = 27.000000

Using SPARSE 1.3 as Direct Linear Solver

No. of Data Rows : 201
Doing analysis at TEMP = -40.000000 and TNOM = 27.000000

Using SPARSE 1.3 as Direct Linear Solver

No. of Data Rows : 1
v(vout) = 1.484968e+00
v(vinp) = 1.485000e+00
v(vinn) = 1.484968e+00
@m.xdut.xm1.m0[vds] = 1.616460e+00
@m.xdut.xm1.m0[vdsat] = 1.187185e-01
@m.xdut.xm2.m0[vds] = 1.609201e+00
@m.xdut.xm2.m0[vdsat] = 1.187400e-01
@m.xdut.xm3.m0[vds] = 9.452763e-01
@m.xdut.xm3.m0[vdsat] = 1.619446e-01
@m.xdut.xm4.m0[vds] = 9.525358e-01
@m.xdut.xm4.m0[vdsat] = 1.619446e-01
@m.xdut.xm5.m0[vds] = 4.082537e-01
@m.xdut.xm5.m0[vdsat] = 1.598980e-01
@m.xdut.xm6.m0[vds] = 1.485029e+00
@m.xdut.xm6.m0[vdsat] = 1.662536e-01
@m.xdut.xm7.m0[vds] = 1.484964e+00
@m.xdut.xm7.m0[vdsat] = 1.629968e-01
@m.xdut.xmb1.m0[vds] = 9.936322e-01
@m.xdut.xmb1.m0[vdsat] = 1.598980e-01
ASCII raw file "/var/tmp/eda-job-klt-sim-0e2c841f34b9/outputs/artifacts/sf_vcm1p485_vdd2p970V_n40C/waveform.raw"
ngspice-46 done
