
Note: No compatibility mode selected!


Circuit: * klt sim -- generated corner deck, do not edit

Doing analysis at TEMP = 125.000000 and TNOM = 27.000000

Using SPARSE 1.3 as Direct Linear Solver
Note: Starting dynamic gmin stepping
Note: Dynamic gmin stepping completed

No. of Data Rows : 201
Doing analysis at TEMP = 125.000000 and TNOM = 27.000000

Using SPARSE 1.3 as Direct Linear Solver
Note: Starting dynamic gmin stepping
Note: Dynamic gmin stepping completed

No. of Data Rows : 1
v(vout) = 1.815013e+00
v(vinp) = 1.815000e+00
v(vinn) = 1.815013e+00
@m.xdut.xm1.m0[vds] = 2.035929e+00
@m.xdut.xm1.m0[vdsat] = 1.948297e-01
@m.xdut.xm2.m0[vds] = 2.038622e+00
@m.xdut.xm2.m0[vdsat] = 1.948195e-01
@m.xdut.xm3.m0[vds] = 8.305902e-01
@m.xdut.xm3.m0[vdsat] = 2.253143e-01
@m.xdut.xm4.m0[vds] = 8.278964e-01
@m.xdut.xm4.m0[vdsat] = 2.253143e-01
@m.xdut.xm5.m0[vds] = 7.634714e-01
@m.xdut.xm5.m0[vdsat] = 2.577928e-01
@m.xdut.xm6.m0[vds] = 1.814984e+00
@m.xdut.xm6.m0[vdsat] = 2.229609e-01
@m.xdut.xm7.m0[vds] = 1.815009e+00
@m.xdut.xm7.m0[vdsat] = 2.565349e-01
@m.xdut.xmb1.m0[vds] = 9.064555e-01
@m.xdut.xmb1.m0[vdsat] = 2.577928e-01
ASCII raw file "/var/tmp/eda-job-klt-sim-0e2c841f34b9/outputs/artifacts/sf_vcm1p815_vdd3p630V_125C/waveform.raw"
ngspice-46 done
