
Note: No compatibility mode selected!


Circuit: * klt sim -- generated corner deck, do not edit

Doing analysis at TEMP = 27.000000 and TNOM = 27.000000

Using SPARSE 1.3 as Direct Linear Solver
Note: Starting dynamic gmin stepping
Note: Dynamic gmin stepping completed

No. of Data Rows : 201
Doing analysis at TEMP = 27.000000 and TNOM = 27.000000

Using SPARSE 1.3 as Direct Linear Solver
Note: Starting dynamic gmin stepping
Note: Dynamic gmin stepping completed

No. of Data Rows : 1
v(vout) = 1.484984e+00
v(vinp) = 1.485000e+00
v(vinn) = 1.484984e+00
@m.xdut.xm1.m0[vds] = 1.619070e+00
@m.xdut.xm1.m0[vdsat] = 1.485788e-01
@m.xdut.xm2.m0[vds] = 1.615645e+00
@m.xdut.xm2.m0[vdsat] = 1.485902e-01
@m.xdut.xm3.m0[vds] = 9.004741e-01
@m.xdut.xm3.m0[vdsat] = 1.888024e-01
@m.xdut.xm4.m0[vds] = 9.038992e-01
@m.xdut.xm4.m0[vdsat] = 1.888025e-01
@m.xdut.xm5.m0[vds] = 4.504460e-01
@m.xdut.xm5.m0[vdsat] = 1.999634e-01
@m.xdut.xm6.m0[vds] = 1.485014e+00
@m.xdut.xm6.m0[vdsat] = 1.905537e-01
@m.xdut.xm7.m0[vds] = 1.484980e+00
@m.xdut.xm7.m0[vdsat] = 2.013804e-01
@m.xdut.xmb1.m0[vds] = 9.581963e-01
@m.xdut.xmb1.m0[vdsat] = 1.999634e-01
ASCII raw file "/var/tmp/eda-job-klt-sim-0e2c841f34b9/outputs/artifacts/sf_vcm1p485_vdd2p970V_27C/waveform.raw"
ngspice-46 done
