
Note: No compatibility mode selected!


Circuit: * klt sim -- generated corner deck, do not edit

Doing analysis at TEMP = 27.000000 and TNOM = 27.000000

Using SPARSE 1.3 as Direct Linear Solver
Note: Starting dynamic gmin stepping
Note: Dynamic gmin stepping completed

No. of Data Rows : 201
Doing analysis at TEMP = 27.000000 and TNOM = 27.000000

Using SPARSE 1.3 as Direct Linear Solver
Note: Starting dynamic gmin stepping
Note: Dynamic gmin stepping completed

No. of Data Rows : 1
v(vout) = 1.814988e+00
v(vinp) = 1.815000e+00
v(vinn) = 1.814988e+00
@m.xdut.xm1.m0[vds] = 2.025505e+00
@m.xdut.xm1.m0[vdsat] = 1.508515e-01
@m.xdut.xm2.m0[vds] = 2.022852e+00
@m.xdut.xm2.m0[vdsat] = 1.508601e-01
@m.xdut.xm3.m0[vds] = 9.012244e-01
@m.xdut.xm3.m0[vdsat] = 1.893354e-01
@m.xdut.xm4.m0[vds] = 9.038778e-01
@m.xdut.xm4.m0[vdsat] = 1.893354e-01
@m.xdut.xm5.m0[vds] = 7.032607e-01
@m.xdut.xm5.m0[vdsat] = 1.999634e-01
@m.xdut.xm6.m0[vds] = 1.815010e+00
@m.xdut.xm6.m0[vdsat] = 1.905391e-01
@m.xdut.xm7.m0[vds] = 1.814984e+00
@m.xdut.xm7.m0[vdsat] = 2.013804e-01
@m.xdut.xmb1.m0[vds] = 9.581963e-01
@m.xdut.xmb1.m0[vdsat] = 1.999634e-01
ASCII raw file "/var/tmp/eda-job-klt-sim-3929d8beedc5/outputs/artifacts/sf_vcm1p815_vdd3p630V_27C/waveform.raw"
ngspice-46 done
