
Note: No compatibility mode selected!


Circuit: * klt sim -- generated corner deck, do not edit

Doing analysis at TEMP = -40.000000 and TNOM = 27.000000

Using SPARSE 1.3 as Direct Linear Solver
Note: Starting dynamic gmin stepping
Note: Dynamic gmin stepping completed

No. of Data Rows : 201
Doing analysis at TEMP = -40.000000 and TNOM = 27.000000

Using SPARSE 1.3 as Direct Linear Solver
Note: Starting dynamic gmin stepping
Note: Dynamic gmin stepping completed

No. of Data Rows : 1
v(vout) = 1.484965e+00
v(vinp) = 1.485000e+00
v(vinn) = 1.484965e+00
@m.xdut.xm1.m0[vds] = 1.418932e+00
@m.xdut.xm1.m0[vdsat] = 1.200837e-01
@m.xdut.xm2.m0[vds] = 1.410570e+00
@m.xdut.xm2.m0[vdsat] = 1.201076e-01
@m.xdut.xm3.m0[vds] = 1.169196e+00
@m.xdut.xm3.m0[vdsat] = 1.695898e-01
@m.xdut.xm4.m0[vds] = 1.177559e+00
@m.xdut.xm4.m0[vdsat] = 1.695898e-01
@m.xdut.xm5.m0[vds] = 3.818618e-01
@m.xdut.xm5.m0[vdsat] = 1.613904e-01
@m.xdut.xm6.m0[vds] = 1.485033e+00
@m.xdut.xm6.m0[vdsat] = 1.746595e-01
@m.xdut.xm7.m0[vds] = 1.484960e+00
@m.xdut.xm7.m0[vdsat] = 1.645174e-01
@m.xdut.xmb1.m0[vds] = 1.025851e+00
@m.xdut.xmb1.m0[vdsat] = 1.613904e-01
ASCII raw file "/var/tmp/eda-job-klt-sim-3929d8beedc5/outputs/artifacts/ss_vcm1p485_vdd2p970V_n40C/waveform.raw"
ngspice-46 done
