
Note: No compatibility mode selected!


Circuit: * klt sim -- generated corner deck, do not edit

Doing analysis at TEMP = 125.000000 and TNOM = 27.000000

Using SPARSE 1.3 as Direct Linear Solver

No. of Data Rows : 201
Doing analysis at TEMP = 125.000000 and TNOM = 27.000000

Using SPARSE 1.3 as Direct Linear Solver

No. of Data Rows : 1
v(vout) = 1.485005e+00
v(vinp) = 1.485000e+00
v(vinn) = 1.485005e+00
@m.xdut.xm1.m0[vds] = 1.427889e+00
@m.xdut.xm1.m0[vdsat] = 1.938035e-01
@m.xdut.xm2.m0[vds] = 1.428856e+00
@m.xdut.xm2.m0[vdsat] = 1.938000e-01
@m.xdut.xm3.m0[vds] = 1.059640e+00
@m.xdut.xm3.m0[vdsat] = 2.355284e-01
@m.xdut.xm4.m0[vds] = 1.058674e+00
@m.xdut.xm4.m0[vdsat] = 2.355284e-01
@m.xdut.xm5.m0[vds] = 4.824609e-01
@m.xdut.xm5.m0[vdsat] = 2.602955e-01
@m.xdut.xm6.m0[vds] = 1.484993e+00
@m.xdut.xm6.m0[vdsat] = 2.345128e-01
@m.xdut.xm7.m0[vds] = 1.485000e+00
@m.xdut.xm7.m0[vdsat] = 2.591365e-01
@m.xdut.xmb1.m0[vds] = 9.406331e-01
@m.xdut.xmb1.m0[vdsat] = 2.602955e-01
ASCII raw file "/var/tmp/eda-job-klt-sim-65c93433b051/outputs/artifacts/ss_vcm1p485_vdd2p970V_125C/waveform.raw"
ngspice-46 done
