
Note: No compatibility mode selected!


Circuit: * klt sim -- generated corner deck, do not edit

Doing analysis at TEMP = 27.000000 and TNOM = 27.000000

Using SPARSE 1.3 as Direct Linear Solver

No. of Data Rows : 201
Doing analysis at TEMP = 27.000000 and TNOM = 27.000000

Using SPARSE 1.3 as Direct Linear Solver

No. of Data Rows : 1
v(vout) = 1.649983e+00
v(vinp) = 1.650000e+00
v(vinn) = 1.649983e+00
@m.xdut.xm1.m0[vds] = 1.624626e+00
@m.xdut.xm1.m0[vdsat] = 1.514041e-01
@m.xdut.xm2.m0[vds] = 1.620700e+00
@m.xdut.xm2.m0[vdsat] = 1.514163e-01
@m.xdut.xm3.m0[vds] = 1.127246e+00
@m.xdut.xm3.m0[vdsat] = 1.980103e-01
@m.xdut.xm4.m0[vds] = 1.131172e+00
@m.xdut.xm4.m0[vdsat] = 1.980104e-01
@m.xdut.xm5.m0[vds] = 5.481180e-01
@m.xdut.xm5.m0[vdsat] = 2.018581e-01
@m.xdut.xm6.m0[vds] = 1.650015e+00
@m.xdut.xm6.m0[vdsat] = 2.001691e-01
@m.xdut.xm7.m0[vds] = 1.649978e+00
@m.xdut.xm7.m0[vdsat] = 2.033318e-01
@m.xdut.xmb1.m0[vds] = 9.912245e-01
@m.xdut.xmb1.m0[vdsat] = 2.018581e-01
ASCII raw file "/var/tmp/eda-job-klt-sim-65c93433b051/outputs/artifacts/ss_vcm1p650_vdd3p300V_27C/waveform.raw"
ngspice-46 done
