
Note: No compatibility mode selected!


Circuit: * klt sim -- generated corner deck, do not edit

Doing analysis at TEMP = 27.000000 and TNOM = 27.000000

Using SPARSE 1.3 as Direct Linear Solver

No. of Data Rows : 201
Doing analysis at TEMP = 27.000000 and TNOM = 27.000000

Using SPARSE 1.3 as Direct Linear Solver

No. of Data Rows : 1
v(vout) = 1.814985e+00
v(vinp) = 1.815000e+00
v(vinn) = 1.814985e+00
@m.xdut.xm1.m0[vds] = 1.828168e+00
@m.xdut.xm1.m0[vdsat] = 1.525299e-01
@m.xdut.xm2.m0[vds] = 1.824620e+00
@m.xdut.xm2.m0[vdsat] = 1.525407e-01
@m.xdut.xm3.m0[vds] = 1.127619e+00
@m.xdut.xm3.m0[vdsat] = 1.982713e-01
@m.xdut.xm4.m0[vds] = 1.131167e+00
@m.xdut.xm4.m0[vdsat] = 1.982713e-01
@m.xdut.xm5.m0[vds] = 6.742031e-01
@m.xdut.xm5.m0[vdsat] = 2.018581e-01
@m.xdut.xm6.m0[vds] = 1.815013e+00
@m.xdut.xm6.m0[vdsat] = 2.001658e-01
@m.xdut.xm7.m0[vds] = 1.814981e+00
@m.xdut.xm7.m0[vdsat] = 2.033317e-01
@m.xdut.xmb1.m0[vds] = 9.912245e-01
@m.xdut.xmb1.m0[vdsat] = 2.018581e-01
ASCII raw file "/var/tmp/eda-job-klt-sim-3929d8beedc5/outputs/artifacts/ss_vcm1p815_vdd3p630V_27C/waveform.raw"
ngspice-46 done
