
Note: No compatibility mode selected!


Circuit: * klt sim -- generated corner deck, do not edit

Doing analysis at TEMP = 27.000000 and TNOM = 27.000000

Using SPARSE 1.3 as Direct Linear Solver

No. of Data Rows : 201
Doing analysis at TEMP = 27.000000 and TNOM = 27.000000

Using SPARSE 1.3 as Direct Linear Solver

No. of Data Rows : 1
v(vout) = 1.484980e+00
v(vinp) = 1.485000e+00
v(vinn) = 1.484980e+00
@m.xdut.xm1.m0[vds] = 1.419839e+00
@m.xdut.xm1.m0[vdsat] = 1.502197e-01
@m.xdut.xm2.m0[vds] = 1.415430e+00
@m.xdut.xm2.m0[vdsat] = 1.502337e-01
@m.xdut.xm3.m0[vds] = 1.126787e+00
@m.xdut.xm3.m0[vdsat] = 1.976898e-01
@m.xdut.xm4.m0[vds] = 1.131197e+00
@m.xdut.xm4.m0[vdsat] = 1.976898e-01
@m.xdut.xm5.m0[vds] = 4.233639e-01
@m.xdut.xm5.m0[vdsat] = 2.018581e-01
@m.xdut.xm6.m0[vds] = 1.485018e+00
@m.xdut.xm6.m0[vdsat] = 2.001858e-01
@m.xdut.xm7.m0[vds] = 1.484976e+00
@m.xdut.xm7.m0[vdsat] = 2.033318e-01
@m.xdut.xmb1.m0[vds] = 9.912245e-01
@m.xdut.xmb1.m0[vdsat] = 2.018581e-01
ASCII raw file "/var/tmp/eda-job-klt-sim-0e2c841f34b9/outputs/artifacts/ss_vcm1p485_vdd2p970V_27C/waveform.raw"
ngspice-46 done
