
Note: No compatibility mode selected!


Circuit: * klt sim -- generated corner deck, do not edit

Doing analysis at TEMP = -40.000000 and TNOM = 27.000000

Using SPARSE 1.3 as Direct Linear Solver

No. of Data Rows : 201
Doing analysis at TEMP = -40.000000 and TNOM = 27.000000

Using SPARSE 1.3 as Direct Linear Solver

No. of Data Rows : 1
v(vout) = 1.649970e+00
v(vinp) = 1.650000e+00
v(vinn) = 1.649970e+00
@m.xdut.xm1.m0[vds] = 1.660175e+00
@m.xdut.xm1.m0[vdsat] = 1.185363e-01
@m.xdut.xm2.m0[vds] = 1.652860e+00
@m.xdut.xm2.m0[vdsat] = 1.185569e-01
@m.xdut.xm3.m0[vds] = 1.039654e+00
@m.xdut.xm3.m0[vdsat] = 1.656141e-01
@m.xdut.xm4.m0[vds] = 1.046969e+00
@m.xdut.xm4.m0[vdsat] = 1.656142e-01
@m.xdut.xm5.m0[vds] = 6.001615e-01
@m.xdut.xm5.m0[vdsat] = 1.578376e-01
@m.xdut.xm6.m0[vds] = 1.650028e+00
@m.xdut.xm6.m0[vdsat] = 1.699692e-01
@m.xdut.xm7.m0[vds] = 1.649966e+00
@m.xdut.xm7.m0[vdsat] = 1.609008e-01
@m.xdut.xmb1.m0[vds] = 9.105750e-01
@m.xdut.xmb1.m0[vdsat] = 1.578376e-01
ASCII raw file "/var/tmp/eda-job-klt-sim-3929d8beedc5/outputs/artifacts/typical_vcm1p650_vdd3p300V_n40C/waveform.raw"
ngspice-46 done
