
Note: No compatibility mode selected!


Circuit: * klt sim -- generated corner deck, do not edit

Doing analysis at TEMP = -40.000000 and TNOM = 27.000000

Using SPARSE 1.3 as Direct Linear Solver

No. of Data Rows : 201
Doing analysis at TEMP = -40.000000 and TNOM = 27.000000

Using SPARSE 1.3 as Direct Linear Solver

No. of Data Rows : 1
v(vout) = 1.484968e+00
v(vinp) = 1.485000e+00
v(vinn) = 1.484968e+00
@m.xdut.xm1.m0[vds] = 1.457660e+00
@m.xdut.xm1.m0[vdsat] = 1.177188e-01
@m.xdut.xm2.m0[vds] = 1.449998e+00
@m.xdut.xm2.m0[vdsat] = 1.177409e-01
@m.xdut.xm3.m0[vds] = 1.039287e+00
@m.xdut.xm3.m0[vdsat] = 1.653539e-01
@m.xdut.xm4.m0[vds] = 1.046950e+00
@m.xdut.xm4.m0[vdsat] = 1.653539e-01
@m.xdut.xm5.m0[vds] = 4.730427e-01
@m.xdut.xm5.m0[vdsat] = 1.578376e-01
@m.xdut.xm6.m0[vds] = 1.485030e+00
@m.xdut.xm6.m0[vdsat] = 1.699551e-01
@m.xdut.xm7.m0[vds] = 1.484963e+00
@m.xdut.xm7.m0[vdsat] = 1.609008e-01
@m.xdut.xmb1.m0[vds] = 9.105750e-01
@m.xdut.xmb1.m0[vdsat] = 1.578376e-01
ASCII raw file "/var/tmp/eda-job-klt-sim-3929d8beedc5/outputs/artifacts/typical_vcm1p485_vdd2p970V_n40C/waveform.raw"
ngspice-46 done
