
Note: No compatibility mode selected!


Circuit: * klt sim -- generated corner deck, do not edit

Doing analysis at TEMP = 125.000000 and TNOM = 27.000000

Using SPARSE 1.3 as Direct Linear Solver
Note: Starting dynamic gmin stepping
Note: Dynamic gmin stepping completed

No. of Data Rows : 201
Doing analysis at TEMP = 125.000000 and TNOM = 27.000000

Using SPARSE 1.3 as Direct Linear Solver
Note: Starting dynamic gmin stepping
Note: Dynamic gmin stepping completed

No. of Data Rows : 1
v(vout) = 1.485009e+00
v(vinp) = 1.485000e+00
v(vinn) = 1.485009e+00
@m.xdut.xm1.m0[vds] = 1.466674e+00
@m.xdut.xm1.m0[vdsat] = 1.901404e-01
@m.xdut.xm2.m0[vds] = 1.468424e+00
@m.xdut.xm2.m0[vdsat] = 1.901340e-01
@m.xdut.xm3.m0[vds] = 9.261252e-01
@m.xdut.xm3.m0[vdsat] = 2.295005e-01
@m.xdut.xm4.m0[vds] = 9.243750e-01
@m.xdut.xm4.m0[vdsat] = 2.295005e-01
@m.xdut.xm5.m0[vds] = 5.771915e-01
@m.xdut.xm5.m0[vdsat] = 2.543135e-01
@m.xdut.xm6.m0[vds] = 1.484989e+00
@m.xdut.xm6.m0[vdsat] = 2.278605e-01
@m.xdut.xm7.m0[vds] = 1.485004e+00
@m.xdut.xm7.m0[vdsat] = 2.529459e-01
@m.xdut.xmb1.m0[vds] = 8.209175e-01
@m.xdut.xmb1.m0[vdsat] = 2.543135e-01
ASCII raw file "/var/tmp/eda-job-klt-sim-3929d8beedc5/outputs/artifacts/typical_vcm1p485_vdd2p970V_125C/waveform.raw"
ngspice-46 done
