
Note: No compatibility mode selected!


Circuit: * klt sim -- generated corner deck, do not edit

Doing analysis at TEMP = -40.000000 and TNOM = 27.000000

Using SPARSE 1.3 as Direct Linear Solver
Note: vstep: dc value used for op instead of transient time=0 value.

Initial Transient Solution
--------------------------

Node                                   Voltage
----                                   -------
vdd                                       2.97
vcm                                      1.485
vinp                                     1.435
ibias                                  0.79559
xdut.tail                             0.528268
xdut.n1                                2.06057
vout                                   1.43497
xdut.n2                                2.05363
xdut.nz                                1.43497
xdut.xrz.11                            1.43497
xdut.xrz.21                            1.43497
vstep#branch                                 0
vcm#branch                                   0
vdd#branch                        -8.51632e-05


No. of Data Rows : 1120

  Measurements for Transient Analysis

vlo_v               =  1.43497e+00
vhi_v               =  1.53497e+00
vmax_rise_v         =  1.54085e+00 at=  1.28050e-07
vmin_fall_v         =  1.42692e+00 at=  6.28050e-07

ASCII raw file "/var/tmp/eda-job-klt-sim-aae64f5afc3d/outputs/artifacts/ff_vcm1p485_vdd2p970V_n40C/waveform.raw"
ngspice-46 done
