
Note: No compatibility mode selected!


Circuit: * klt sim -- generated corner deck, do not edit

Doing analysis at TEMP = 125.000000 and TNOM = 27.000000

Using SPARSE 1.3 as Direct Linear Solver
Note: vstep: dc value used for op instead of transient time=0 value.
Note: Starting dynamic gmin stepping
Note: Dynamic gmin stepping completed

Initial Transient Solution
--------------------------

Node                                   Voltage
----                                   -------
vdd                                       3.63
vcm                                      1.815
vinp                                     1.765
ibias                                 0.701487
xdut.tail                             0.895405
xdut.n1                                2.83683
vout                                   1.76502
xdut.n2                                2.84011
xdut.nz                                1.76502
xdut.xrz.11                            1.76502
xdut.xrz.21                            1.76502
vstep#branch                                 0
vcm#branch                                   0
vdd#branch                        -8.10731e-05


No. of Data Rows : 1120

  Measurements for Transient Analysis

vlo_v               =  1.76502e+00
vhi_v               =  1.86501e+00
vmax_rise_v         =  1.87309e+00 at=  1.39050e-07
vmin_fall_v         =  1.75488e+00 at=  6.39050e-07

ASCII raw file "/var/tmp/eda-job-klt-sim-aae64f5afc3d/outputs/artifacts/ff_vcm1p815_vdd3p630V_125C/waveform.raw"
ngspice-46 done
