
Note: No compatibility mode selected!


Circuit: * klt sim -- generated corner deck, do not edit

Doing analysis at TEMP = -40.000000 and TNOM = 27.000000

Using SPARSE 1.3 as Direct Linear Solver
Note: vstep: dc value used for op instead of transient time=0 value.

Initial Transient Solution
--------------------------

Node                                   Voltage
----                                   -------
vdd                                       3.63
vcm                                      1.815
vinp                                     1.765
ibias                                 0.993636
xdut.tail                             0.622416
xdut.n1                                2.68408
vout                                   1.76497
xdut.n2                                2.67758
xdut.nz                                1.76497
xdut.xrz.11                            1.76497
xdut.xrz.21                            1.76497
vstep#branch                                 0
vcm#branch                                   0
vdd#branch                        -8.50005e-05


No. of Data Rows : 1120

  Measurements for Transient Analysis

vlo_v               =  1.76497e+00
vhi_v               =  1.86497e+00
vmax_rise_v         =  1.87043e+00 at=  1.30050e-07
vmin_fall_v         =  1.75752e+00 at=  6.29050e-07

ASCII raw file "/var/tmp/eda-job-klt-sim-aae64f5afc3d/outputs/artifacts/sf_vcm1p815_vdd3p630V_n40C/waveform.raw"
ngspice-46 done
