
Note: No compatibility mode selected!


Circuit: * klt sim -- generated corner deck, do not edit

Doing analysis at TEMP = 27.000000 and TNOM = 27.000000

Using SPARSE 1.3 as Direct Linear Solver
Note: vstep: dc value used for op instead of transient time=0 value.

Initial Transient Solution
--------------------------

Node                                   Voltage
----                                   -------
vdd                                        3.3
vcm                                       1.65
vinp                                       1.6
ibias                                 0.958201
xdut.tail                             0.538149
xdut.n1                                2.39923
vout                                   1.59999
xdut.n2                                2.39629
xdut.nz                                1.59999
xdut.xrz.11                            1.59999
xdut.xrz.21                            1.59999
vstep#branch                                 0
vcm#branch                                   0
vdd#branch                        -8.26912e-05


No. of Data Rows : 1120

  Measurements for Transient Analysis

vlo_v               =  1.59999e+00
vhi_v               =  1.69999e+00
vmax_rise_v         =  1.70641e+00 at=  1.35050e-07
vmin_fall_v         =  1.59162e+00 at=  6.35050e-07

ASCII raw file "/var/tmp/eda-job-klt-sim-aae64f5afc3d/outputs/artifacts/sf_vcm1p650_vdd3p300V_27C/waveform.raw"
ngspice-46 done
