
Note: No compatibility mode selected!


Circuit: * klt sim -- generated corner deck, do not edit

Doing analysis at TEMP = 27.000000 and TNOM = 27.000000

Using SPARSE 1.3 as Direct Linear Solver

No. of Data Rows : 201
Doing analysis at TEMP = 27.000000 and TNOM = 27.000000

Using SPARSE 1.3 as Direct Linear Solver

No. of Data Rows : 1
v(vout) = 1.649852e+00
v(vinp) = 1.650000e+00
v(vinn) = 1.649852e+00
@m.xdut.xm1.m0[vds] = 1.661063e+00
@m.xdut.xm1.m0[vdsat] = 1.483654e-01
@m.xdut.xm2.m0[vds] = 1.627076e+00
@m.xdut.xm2.m0[vdsat] = 1.484717e-01
@m.xdut.xm3.m0[vds] = 9.957313e-01
@m.xdut.xm3.m0[vdsat] = 1.929651e-01
@m.xdut.xm4.m0[vds] = 1.029718e+00
@m.xdut.xm4.m0[vdsat] = 1.929652e-01
@m.xdut.xm5.m0[vds] = 6.431964e-01
@m.xdut.xm5.m0[vdsat] = 1.973665e-01
@m.xdut.xm6.m0[vds] = 1.650145e+00
@m.xdut.xm6.m0[vdsat] = 2.166456e-01
@m.xdut.xm7.m0[vds] = 1.649848e+00
@m.xdut.xm7.m0[vdsat] = 1.987184e-01
@m.xdut.xmb1.m0[vds] = 8.741525e-01
@m.xdut.xmb1.m0[vdsat] = 1.973665e-01
ASCII raw file "/tmp/psrr-grid3/control-feedthrough-vss-vss/out/typical_vcm1p650_vdd3p300V_27C/waveform.raw"
ngspice-46 done
